running egg_info
creating build/lanenet_ros/lanenet_ros.egg-info
writing build/lanenet_ros/lanenet_ros.egg-info/PKG-INFO
writing dependency_links to build/lanenet_ros/lanenet_ros.egg-info/dependency_links.txt
writing entry points to build/lanenet_ros/lanenet_ros.egg-info/entry_points.txt
writing requirements to build/lanenet_ros/lanenet_ros.egg-info/requires.txt
writing top-level names to build/lanenet_ros/lanenet_ros.egg-info/top_level.txt
writing manifest file 'build/lanenet_ros/lanenet_ros.egg-info/SOURCES.txt'
reading manifest file 'build/lanenet_ros/lanenet_ros.egg-info/SOURCES.txt'
writing manifest file 'build/lanenet_ros/lanenet_ros.egg-info/SOURCES.txt'
running build
running build_py
creating /home/amaya28/ros2_ws/src/lanenet_ros/build/lanenet_ros/build
creating /home/amaya28/ros2_ws/src/lanenet_ros/build/lanenet_ros/build/lib
creating /home/amaya28/ros2_ws/src/lanenet_ros/build/lanenet_ros/build/lib/lanenet_ros
copying lanenet_ros/__init__.py -> /home/amaya28/ros2_ws/src/lanenet_ros/build/lanenet_ros/build/lib/lanenet_ros
running install
running install_lib
creating /home/amaya28/ros2_ws/src/lanenet_ros/install/lanenet_ros/lib/python3.12/site-packages/lanenet_ros
copying /home/amaya28/ros2_ws/src/lanenet_ros/build/lanenet_ros/build/lib/lanenet_ros/__init__.py -> /home/amaya28/ros2_ws/src/lanenet_ros/install/lanenet_ros/lib/python3.12/site-packages/lanenet_ros
byte-compiling /home/amaya28/ros2_ws/src/lanenet_ros/install/lanenet_ros/lib/python3.12/site-packages/lanenet_ros/__init__.py to __init__.cpython-312.pyc
running install_data
creating /home/amaya28/ros2_ws/src/lanenet_ros/install/lanenet_ros/share/ament_index
creating /home/amaya28/ros2_ws/src/lanenet_ros/install/lanenet_ros/share/ament_index/resource_index
creating /home/amaya28/ros2_ws/src/lanenet_ros/install/lanenet_ros/share/ament_index/resource_index/packages
copying resource/lanenet_ros -> /home/amaya28/ros2_ws/src/lanenet_ros/install/lanenet_ros/share/ament_index/resource_index/packages
copying package.xml -> /home/amaya28/ros2_ws/src/lanenet_ros/install/lanenet_ros/share/lanenet_ros
creating /home/amaya28/ros2_ws/src/lanenet_ros/install/lanenet_ros/share/lanenet_ros/launch
creating /home/amaya28/ros2_ws/src/lanenet_ros/install/lanenet_ros/share/lanenet_ros/weights
running install_egg_info
Copying build/lanenet_ros/lanenet_ros.egg-info to /home/amaya28/ros2_ws/src/lanenet_ros/install/lanenet_ros/lib/python3.12/site-packages/lanenet_ros-0.0.0-py3.12.egg-info
running install_scripts
Installing lane_detector script to /home/amaya28/ros2_ws/src/lanenet_ros/install/lanenet_ros/lib/lanenet_ros
writing list of installed files to '/home/amaya28/ros2_ws/src/lanenet_ros/build/lanenet_ros/install.log'
