[0.942s] Invoking command in '/home/amaya28/ros2_ws/src/lanenet_ros': DEBUGINFOD_URLS=https://debuginfod.ubuntu.com PS1=(venv) \[\e]0;\u@\h: \w\a\]${debian_chroot:+($debian_chroot)}\[\033[01;32m\]\u@\h\[\033[00m\]:\[\033[01;34m\]\w\[\033[00m\]\$ PYTHONPATH=/home/amaya28/ros2_ws/src/lanenet_ros/build/lanenet_ros/prefix_override:/usr/lib/python3/dist-packages/colcon_core/task/python/colcon_distutils_commands:/home/amaya28/ros2_ws/src/lanenet_ros/install/lanenet_ros/lib/python3.12/site-packages:${PYTHONPATH} VIRTUAL_ENV_PROMPT=(venv) /usr/bin/python3 -W ignore:setup.py install is deprecated -W ignore:easy_install command is deprecated setup.py egg_info --egg-base build/lanenet_ros build --build-base /home/amaya28/ros2_ws/src/lanenet_ros/build/lanenet_ros/build install --record /home/amaya28/ros2_ws/src/lanenet_ros/build/lanenet_ros/install.log --single-version-externally-managed install_data
[1.249s] running egg_info
[1.250s] creating build/lanenet_ros/lanenet_ros.egg-info
[1.270s] writing build/lanenet_ros/lanenet_ros.egg-info/PKG-INFO
[1.270s] writing dependency_links to build/lanenet_ros/lanenet_ros.egg-info/dependency_links.txt
[1.270s] writing entry points to build/lanenet_ros/lanenet_ros.egg-info/entry_points.txt
[1.270s] writing requirements to build/lanenet_ros/lanenet_ros.egg-info/requires.txt
[1.270s] writing top-level names to build/lanenet_ros/lanenet_ros.egg-info/top_level.txt
[1.271s] writing manifest file 'build/lanenet_ros/lanenet_ros.egg-info/SOURCES.txt'
[1.312s] reading manifest file 'build/lanenet_ros/lanenet_ros.egg-info/SOURCES.txt'
[1.312s] writing manifest file 'build/lanenet_ros/lanenet_ros.egg-info/SOURCES.txt'
[1.312s] running build
[1.312s] running build_py
[1.313s] creating /home/amaya28/ros2_ws/src/lanenet_ros/build/lanenet_ros/build
[1.313s] creating /home/amaya28/ros2_ws/src/lanenet_ros/build/lanenet_ros/build/lib
[1.313s] creating /home/amaya28/ros2_ws/src/lanenet_ros/build/lanenet_ros/build/lib/lanenet_ros
[1.313s] copying lanenet_ros/__init__.py -> /home/amaya28/ros2_ws/src/lanenet_ros/build/lanenet_ros/build/lib/lanenet_ros
[1.313s] running install
[1.321s] running install_lib
[1.342s] creating /home/amaya28/ros2_ws/src/lanenet_ros/install/lanenet_ros/lib/python3.12/site-packages/lanenet_ros
[1.342s] copying /home/amaya28/ros2_ws/src/lanenet_ros/build/lanenet_ros/build/lib/lanenet_ros/__init__.py -> /home/amaya28/ros2_ws/src/lanenet_ros/install/lanenet_ros/lib/python3.12/site-packages/lanenet_ros
[1.342s] byte-compiling /home/amaya28/ros2_ws/src/lanenet_ros/install/lanenet_ros/lib/python3.12/site-packages/lanenet_ros/__init__.py to __init__.cpython-312.pyc
[1.342s] running install_data
[1.342s] creating /home/amaya28/ros2_ws/src/lanenet_ros/install/lanenet_ros/share/ament_index
[1.342s] creating /home/amaya28/ros2_ws/src/lanenet_ros/install/lanenet_ros/share/ament_index/resource_index
[1.343s] creating /home/amaya28/ros2_ws/src/lanenet_ros/install/lanenet_ros/share/ament_index/resource_index/packages
[1.343s] copying resource/lanenet_ros -> /home/amaya28/ros2_ws/src/lanenet_ros/install/lanenet_ros/share/ament_index/resource_index/packages
[1.343s] copying package.xml -> /home/amaya28/ros2_ws/src/lanenet_ros/install/lanenet_ros/share/lanenet_ros
[1.343s] creating /home/amaya28/ros2_ws/src/lanenet_ros/install/lanenet_ros/share/lanenet_ros/launch
[1.343s] creating /home/amaya28/ros2_ws/src/lanenet_ros/install/lanenet_ros/share/lanenet_ros/weights
[1.343s] running install_egg_info
[1.365s] Copying build/lanenet_ros/lanenet_ros.egg-info to /home/amaya28/ros2_ws/src/lanenet_ros/install/lanenet_ros/lib/python3.12/site-packages/lanenet_ros-0.0.0-py3.12.egg-info
[1.366s] running install_scripts
[1.507s] Installing lane_detector script to /home/amaya28/ros2_ws/src/lanenet_ros/install/lanenet_ros/lib/lanenet_ros
[1.507s] writing list of installed files to '/home/amaya28/ros2_ws/src/lanenet_ros/build/lanenet_ros/install.log'
[1.538s] Invoked command in '/home/amaya28/ros2_ws/src/lanenet_ros' returned '0': DEBUGINFOD_URLS=https://debuginfod.ubuntu.com PS1=(venv) \[\e]0;\u@\h: \w\a\]${debian_chroot:+($debian_chroot)}\[\033[01;32m\]\u@\h\[\033[00m\]:\[\033[01;34m\]\w\[\033[00m\]\$ PYTHONPATH=/home/amaya28/ros2_ws/src/lanenet_ros/build/lanenet_ros/prefix_override:/usr/lib/python3/dist-packages/colcon_core/task/python/colcon_distutils_commands:/home/amaya28/ros2_ws/src/lanenet_ros/install/lanenet_ros/lib/python3.12/site-packages:${PYTHONPATH} VIRTUAL_ENV_PROMPT=(venv) /usr/bin/python3 -W ignore:setup.py install is deprecated -W ignore:easy_install command is deprecated setup.py egg_info --egg-base build/lanenet_ros build --build-base /home/amaya28/ros2_ws/src/lanenet_ros/build/lanenet_ros/build install --record /home/amaya28/ros2_ws/src/lanenet_ros/build/lanenet_ros/install.log --single-version-externally-managed install_data
