[0.127s] DEBUG:colcon:Command line arguments: ['/usr/bin/colcon', 'build', '--packages-select', 'lanenet_ros']
[0.127s] DEBUG:colcon:Parsed command line arguments: Namespace(log_base=None, log_level=None, verb_name='build', build_base='build', install_base='install', merge_install=False, symlink_install=False, test_result_base=None, continue_on_error=False, executor='parallel', parallel_workers=20, event_handlers=None, ignore_user_meta=False, metas=['./colcon.meta'], base_paths=['.'], packages_ignore=None, packages_ignore_regex=None, paths=None, packages_up_to=None, packages_up_to_regex=None, packages_above=None, packages_above_and_dependencies=None, packages_above_depth=None, packages_select_by_dep=None, packages_skip_by_dep=None, packages_skip_up_to=None, packages_select_build_failed=False, packages_skip_build_finished=False, packages_select_test_failures=False, packages_skip_test_passed=False, packages_select=['lanenet_ros'], packages_skip=None, packages_select_regex=None, packages_skip_regex=None, packages_start=None, packages_end=None, allow_overriding=[], cmake_args=None, cmake_target=None, cmake_target_skip_unavailable=False, cmake_clean_cache=False, cmake_clean_first=False, cmake_force_configure=False, ament_cmake_args=None, catkin_cmake_args=None, catkin_skip_building_tests=False, verb_parser=<colcon_defaults.argument_parser.defaults.DefaultArgumentsDecorator object at 0x72574917f080>, verb_extension=<colcon_core.verb.build.BuildVerb object at 0x7257492abb60>, main=<bound method BuildVerb.main of <colcon_core.verb.build.BuildVerb object at 0x7257492abb60>>)
[0.170s] Level 1:colcon.colcon_core.package_discovery:discover_packages(colcon_meta) check parameters
[0.170s] Level 1:colcon.colcon_core.package_discovery:discover_packages(recursive) check parameters
[0.170s] Level 1:colcon.colcon_core.package_discovery:discover_packages(ignore) check parameters
[0.170s] Level 1:colcon.colcon_core.package_discovery:discover_packages(path) check parameters
[0.170s] Level 1:colcon.colcon_core.package_discovery:discover_packages(colcon_meta) discover
[0.170s] Level 1:colcon.colcon_core.package_discovery:discover_packages(recursive) discover
[0.170s] INFO:colcon.colcon_core.package_discovery:Crawling recursively for packages in '/home/amaya28/ros2_ws/src/lanenet_ros'
[0.171s] Level 1:colcon.colcon_core.package_identification:_identify(.) by extensions ['ignore', 'ignore_ament_install']
[0.171s] Level 1:colcon.colcon_core.package_identification:_identify(.) by extension 'ignore'
[0.171s] Level 1:colcon.colcon_core.package_identification:_identify(.) by extension 'ignore_ament_install'
[0.171s] Level 1:colcon.colcon_core.package_identification:_identify(.) by extensions ['colcon_pkg']
[0.171s] Level 1:colcon.colcon_core.package_identification:_identify(.) by extension 'colcon_pkg'
[0.171s] Level 1:colcon.colcon_core.package_identification:_identify(.) by extensions ['colcon_meta']
[0.171s] Level 1:colcon.colcon_core.package_identification:_identify(.) by extension 'colcon_meta'
[0.171s] Level 1:colcon.colcon_core.package_identification:_identify(.) by extensions ['ros']
[0.171s] Level 1:colcon.colcon_core.package_identification:_identify(.) by extension 'ros'
[0.204s] DEBUG:colcon.colcon_core.package_identification:Package '.' with type 'ros.ament_python' and name 'lanenet_ros'
[0.204s] Level 1:colcon.colcon_core.package_discovery:discover_packages(recursive) using defaults
[0.204s] Level 1:colcon.colcon_core.package_discovery:discover_packages(ignore) discover
[0.204s] Level 1:colcon.colcon_core.package_discovery:discover_packages(ignore) using defaults
[0.204s] Level 1:colcon.colcon_core.package_discovery:discover_packages(path) discover
[0.204s] Level 1:colcon.colcon_core.package_discovery:discover_packages(path) using defaults
[0.226s] Level 1:colcon.colcon_core.package_discovery:discover_packages(prefix_path) check parameters
[0.226s] Level 1:colcon.colcon_core.package_discovery:discover_packages(prefix_path) discover
[0.228s] DEBUG:colcon.colcon_installed_package_information.package_discovery:Found 10 installed packages in /home/amaya28/ros2_ws/src/install
[0.230s] DEBUG:colcon.colcon_installed_package_information.package_discovery:Found 418 installed packages in /opt/ros/jazzy
[0.232s] Level 1:colcon.colcon_core.package_discovery:discover_packages(prefix_path) using defaults
[0.297s] Level 5:colcon.colcon_core.verb:set package 'lanenet_ros' build argument 'cmake_args' from command line to 'None'
[0.297s] Level 5:colcon.colcon_core.verb:set package 'lanenet_ros' build argument 'cmake_target' from command line to 'None'
[0.297s] Level 5:colcon.colcon_core.verb:set package 'lanenet_ros' build argument 'cmake_target_skip_unavailable' from command line to 'False'
[0.297s] Level 5:colcon.colcon_core.verb:set package 'lanenet_ros' build argument 'cmake_clean_cache' from command line to 'False'
[0.297s] Level 5:colcon.colcon_core.verb:set package 'lanenet_ros' build argument 'cmake_clean_first' from command line to 'False'
[0.297s] Level 5:colcon.colcon_core.verb:set package 'lanenet_ros' build argument 'cmake_force_configure' from command line to 'False'
[0.297s] Level 5:colcon.colcon_core.verb:set package 'lanenet_ros' build argument 'ament_cmake_args' from command line to 'None'
[0.297s] Level 5:colcon.colcon_core.verb:set package 'lanenet_ros' build argument 'catkin_cmake_args' from command line to 'None'
[0.297s] Level 5:colcon.colcon_core.verb:set package 'lanenet_ros' build argument 'catkin_skip_building_tests' from command line to 'False'
[0.297s] DEBUG:colcon.colcon_core.verb:Building package 'lanenet_ros' with the following arguments: {'ament_cmake_args': None, 'build_base': '/home/amaya28/ros2_ws/src/lanenet_ros/build/lanenet_ros', 'catkin_cmake_args': None, 'catkin_skip_building_tests': False, 'cmake_args': None, 'cmake_clean_cache': False, 'cmake_clean_first': False, 'cmake_force_configure': False, 'cmake_target': None, 'cmake_target_skip_unavailable': False, 'install_base': '/home/amaya28/ros2_ws/src/lanenet_ros/install/lanenet_ros', 'merge_install': False, 'path': '/home/amaya28/ros2_ws/src/lanenet_ros', 'symlink_install': False, 'test_result_base': None}
[0.297s] INFO:colcon.colcon_core.executor:Executing jobs using 'parallel' executor
[0.298s] DEBUG:colcon.colcon_parallel_executor.executor.parallel:run_until_complete
[0.299s] INFO:colcon.colcon_ros.task.ament_python.build:Building ROS package in '/home/amaya28/ros2_ws/src/lanenet_ros' with build type 'ament_python'
[0.299s] Level 1:colcon.colcon_core.shell:create_environment_hook('lanenet_ros', 'ament_prefix_path')
[0.301s] INFO:colcon.colcon_core.plugin_system:Skipping extension 'colcon_core.shell.bat': Not used on non-Windows systems
[0.301s] INFO:colcon.colcon_core.shell:Creating environment hook '/home/amaya28/ros2_ws/src/lanenet_ros/install/lanenet_ros/share/lanenet_ros/hook/ament_prefix_path.ps1'
[0.302s] INFO:colcon.colcon_core.shell:Creating environment descriptor '/home/amaya28/ros2_ws/src/lanenet_ros/install/lanenet_ros/share/lanenet_ros/hook/ament_prefix_path.dsv'
[0.302s] INFO:colcon.colcon_core.shell:Creating environment hook '/home/amaya28/ros2_ws/src/lanenet_ros/install/lanenet_ros/share/lanenet_ros/hook/ament_prefix_path.sh'
[0.303s] INFO:colcon.colcon_core.shell:Skip shell extension 'powershell' for command environment: Not usable outside of PowerShell
[0.303s] DEBUG:colcon.colcon_core.shell:Skip shell extension 'dsv' for command environment
[0.567s] INFO:colcon.colcon_core.task.python.build:Building Python package in '/home/amaya28/ros2_ws/src/lanenet_ros'
[0.567s] INFO:colcon.colcon_core.shell:Skip shell extension 'powershell' for command environment: Not usable outside of PowerShell
[0.567s] DEBUG:colcon.colcon_core.shell:Skip shell extension 'dsv' for command environment
[1.241s] DEBUG:colcon.colcon_core.event_handler.log_command:Invoking command in '/home/amaya28/ros2_ws/src/lanenet_ros': DEBUGINFOD_URLS=https://debuginfod.ubuntu.com PS1=(venv) \[\e]0;\u@\h: \w\a\]${debian_chroot:+($debian_chroot)}\[\033[01;32m\]\u@\h\[\033[00m\]:\[\033[01;34m\]\w\[\033[00m\]\$ PYTHONPATH=/home/amaya28/ros2_ws/src/lanenet_ros/build/lanenet_ros/prefix_override:/usr/lib/python3/dist-packages/colcon_core/task/python/colcon_distutils_commands:/home/amaya28/ros2_ws/src/lanenet_ros/install/lanenet_ros/lib/python3.12/site-packages:${PYTHONPATH} VIRTUAL_ENV_PROMPT=(venv) /usr/bin/python3 -W ignore:setup.py install is deprecated -W ignore:easy_install command is deprecated setup.py egg_info --egg-base build/lanenet_ros build --build-base /home/amaya28/ros2_ws/src/lanenet_ros/build/lanenet_ros/build install --record /home/amaya28/ros2_ws/src/lanenet_ros/build/lanenet_ros/install.log --single-version-externally-managed install_data
[1.837s] DEBUG:colcon.colcon_core.event_handler.log_command:Invoked command in '/home/amaya28/ros2_ws/src/lanenet_ros' returned '0': DEBUGINFOD_URLS=https://debuginfod.ubuntu.com PS1=(venv) \[\e]0;\u@\h: \w\a\]${debian_chroot:+($debian_chroot)}\[\033[01;32m\]\u@\h\[\033[00m\]:\[\033[01;34m\]\w\[\033[00m\]\$ PYTHONPATH=/home/amaya28/ros2_ws/src/lanenet_ros/build/lanenet_ros/prefix_override:/usr/lib/python3/dist-packages/colcon_core/task/python/colcon_distutils_commands:/home/amaya28/ros2_ws/src/lanenet_ros/install/lanenet_ros/lib/python3.12/site-packages:${PYTHONPATH} VIRTUAL_ENV_PROMPT=(venv) /usr/bin/python3 -W ignore:setup.py install is deprecated -W ignore:easy_install command is deprecated setup.py egg_info --egg-base build/lanenet_ros build --build-base /home/amaya28/ros2_ws/src/lanenet_ros/build/lanenet_ros/build install --record /home/amaya28/ros2_ws/src/lanenet_ros/build/lanenet_ros/install.log --single-version-externally-managed install_data
[1.838s] Level 1:colcon.colcon_core.environment:checking '/home/amaya28/ros2_ws/src/lanenet_ros/install/lanenet_ros' for CMake module files
[1.839s] Level 1:colcon.colcon_core.environment:checking '/home/amaya28/ros2_ws/src/lanenet_ros/install/lanenet_ros' for CMake config files
[1.839s] Level 1:colcon.colcon_core.environment:checking '/home/amaya28/ros2_ws/src/lanenet_ros/install/lanenet_ros/lib'
[1.840s] Level 1:colcon.colcon_core.environment:checking '/home/amaya28/ros2_ws/src/lanenet_ros/install/lanenet_ros/bin'
[1.840s] Level 1:colcon.colcon_core.environment:checking '/home/amaya28/ros2_ws/src/lanenet_ros/install/lanenet_ros/lib/pkgconfig/lanenet_ros.pc'
[1.840s] Level 1:colcon.colcon_core.environment:checking '/home/amaya28/ros2_ws/src/lanenet_ros/install/lanenet_ros/lib/python3.12/site-packages'
[1.840s] Level 1:colcon.colcon_core.shell:create_environment_hook('lanenet_ros', 'pythonpath')
[1.840s] INFO:colcon.colcon_core.shell:Creating environment hook '/home/amaya28/ros2_ws/src/lanenet_ros/install/lanenet_ros/share/lanenet_ros/hook/pythonpath.ps1'
[1.841s] INFO:colcon.colcon_core.shell:Creating environment descriptor '/home/amaya28/ros2_ws/src/lanenet_ros/install/lanenet_ros/share/lanenet_ros/hook/pythonpath.dsv'
[1.841s] INFO:colcon.colcon_core.shell:Creating environment hook '/home/amaya28/ros2_ws/src/lanenet_ros/install/lanenet_ros/share/lanenet_ros/hook/pythonpath.sh'
[1.842s] Level 1:colcon.colcon_core.environment:checking '/home/amaya28/ros2_ws/src/lanenet_ros/install/lanenet_ros/bin'
[1.842s] Level 1:colcon.colcon_core.environment:create_environment_scripts_only(lanenet_ros)
[1.842s] INFO:colcon.colcon_core.shell:Creating package script '/home/amaya28/ros2_ws/src/lanenet_ros/install/lanenet_ros/share/lanenet_ros/package.ps1'
[1.843s] INFO:colcon.colcon_core.shell:Creating package descriptor '/home/amaya28/ros2_ws/src/lanenet_ros/install/lanenet_ros/share/lanenet_ros/package.dsv'
[1.843s] INFO:colcon.colcon_core.shell:Creating package script '/home/amaya28/ros2_ws/src/lanenet_ros/install/lanenet_ros/share/lanenet_ros/package.sh'
[1.844s] INFO:colcon.colcon_core.shell:Creating package script '/home/amaya28/ros2_ws/src/lanenet_ros/install/lanenet_ros/share/lanenet_ros/package.bash'
[1.845s] INFO:colcon.colcon_core.shell:Creating package script '/home/amaya28/ros2_ws/src/lanenet_ros/install/lanenet_ros/share/lanenet_ros/package.zsh'
[1.845s] Level 1:colcon.colcon_core.environment:create_file_with_runtime_dependencies(/home/amaya28/ros2_ws/src/lanenet_ros/install/lanenet_ros/share/colcon-core/packages/lanenet_ros)
[1.845s] DEBUG:colcon.colcon_parallel_executor.executor.parallel:closing loop
[1.846s] DEBUG:colcon.colcon_parallel_executor.executor.parallel:loop closed
[1.846s] DEBUG:colcon.colcon_parallel_executor.executor.parallel:run_until_complete finished with '0'
[1.846s] DEBUG:colcon.colcon_core.event_reactor:joining thread
[1.852s] INFO:colcon.colcon_core.plugin_system:Skipping extension 'colcon_notification.desktop_notification.terminal_notifier': Not used on non-Darwin systems
[1.852s] INFO:colcon.colcon_core.plugin_system:Skipping extension 'colcon_notification.desktop_notification.win32': Not used on non-Windows systems
[1.852s] INFO:colcon.colcon_notification.desktop_notification:Sending desktop notification using 'notify2'
[1.875s] DEBUG:colcon.colcon_core.event_reactor:joined thread
[1.875s] INFO:colcon.colcon_core.shell:Creating prefix script '/home/amaya28/ros2_ws/src/lanenet_ros/install/local_setup.ps1'
[1.877s] INFO:colcon.colcon_core.shell:Creating prefix util module '/home/amaya28/ros2_ws/src/lanenet_ros/install/_local_setup_util_ps1.py'
[1.878s] INFO:colcon.colcon_core.shell:Creating prefix chain script '/home/amaya28/ros2_ws/src/lanenet_ros/install/setup.ps1'
[1.880s] INFO:colcon.colcon_core.shell:Creating prefix script '/home/amaya28/ros2_ws/src/lanenet_ros/install/local_setup.sh'
[1.881s] INFO:colcon.colcon_core.shell:Creating prefix util module '/home/amaya28/ros2_ws/src/lanenet_ros/install/_local_setup_util_sh.py'
[1.882s] INFO:colcon.colcon_core.shell:Creating prefix chain script '/home/amaya28/ros2_ws/src/lanenet_ros/install/setup.sh'
[1.884s] INFO:colcon.colcon_core.shell:Creating prefix script '/home/amaya28/ros2_ws/src/lanenet_ros/install/local_setup.bash'
[1.885s] INFO:colcon.colcon_core.shell:Creating prefix chain script '/home/amaya28/ros2_ws/src/lanenet_ros/install/setup.bash'
[1.887s] INFO:colcon.colcon_core.shell:Creating prefix script '/home/amaya28/ros2_ws/src/lanenet_ros/install/local_setup.zsh'
[1.887s] INFO:colcon.colcon_core.shell:Creating prefix chain script '/home/amaya28/ros2_ws/src/lanenet_ros/install/setup.zsh'
